

exports["matches snapshot 1"] = '
<div
   className"button-style"
   data-testid="products"
   >
   save
</div>
';